<?xml version="1.0" encoding="UTF-8"?>
<TestRun id="4f6940af-db66-4455-8eaa-4847daf5b8f0" name="taylor@DEVELOPERSTS 2014-07-07 17:07:01" runUser="CONCATENO\taylor" xmlns="http://microsoft.com/schemas/VisualStudio/TeamTest/2006">
  <TestRunConfiguration name="Local Test Run" id="aa3681a8-7456-40da-9f65-13b43055f881">
    <Description>This is a default test run configuration for a local test run.</Description>
    <Deployment runDeploymentRoot="C:\Documents and Settings\taylor\My Documents\Visual Studio 2008\Projects\Medscreenlib08\TestResults\taylor_DEVELOPERSTS 2014-07-07 17_07_01">
      <DeploymentItem filename="C:\Program Files\Microsoft Visual Studio 9.0\Visual Studio Tools for Office\PIA\Office11\Microsoft.Office.Interop.Excel.dll" />
      <DeploymentItem filename="C:\Documents and Settings\taylor\My Documents\Visual Studio Projects\Medscreenlib\bin\FreeSMTP.Net.dll" />
      <DeploymentItem filename="C:\Documents and Settings\taylor\My Documents\Visual Studio 2008\Projects\Medscreenlib08\bin\MedscreenLib.dll" />
      <DeploymentItem filename="C:\Documents and Settings\taylor\My Documents\Visual Studio 2008\Projects\ActiveDirectory\ActiveDirectoryWrapper\bin\Release\ActiveDirectoryWrapper.dll" />
      <DeploymentItem filename="C:\Documents and Settings\taylor\My Documents\Visual Studio 2008\Projects\dlls\BenjaminSchroeter.GeoNames.dll" />
    </Deployment>
    <TestTypeSpecific />
  </TestRunConfiguration>
  <ResultSummary outcome="Error">
    <Counters total="1" executed="1" error="0" failed="0" timeout="0" aborted="1" inconclusive="0" passedButRunAborted="0" notRunnable="0" notExecuted="0" disconnected="0" warning="0" passed="0" completed="0" inProgress="0" pending="0" />
    <RunInfos>
      <RunInfo computerName="DEVELOPERSTS" outcome="Error" timestamp="2014-07-07T17:07:12.2514639+01:00">
        <Text>Test host process exited unexpectedly.</Text>
      </RunInfo>
    </RunInfos>
  </ResultSummary>
  <Times creation="2014-07-07T17:07:01.0795174+01:00" queuing="2014-07-07T17:07:03.3764071+01:00" start="2014-07-07T17:07:03.7045342+01:00" finish="2014-07-07T17:07:12.2514639+01:00" />
  <TestDefinitions>
    <UnitTest name="CapitaliseTest" storage="c:\documents and settings\taylor\my documents\visual studio 2008\projects\medscreenlib08\medscreenlibtest\bin\release\medscreenlibtest.dll" id="d93ab626-49b6-c8e5-29bd-09f8a2c9ab8c">
      <Css projectStructure="" iteration="" />
      <Owners>
        <Owner name="" />
      </Owners>
      <Execution id="34fa01da-30f4-4aaf-b1fe-9cc5117f9956" />
      <TestMethod codeBase="C:\Documents and Settings\taylor\My Documents\Visual Studio 2008\Projects\Medscreenlib08\MedscreenlibTest\bin\Release\MedscreenlibTest.dll" adapterTypeName="Microsoft.VisualStudio.TestTools.TestTypes.Unit.UnitTestAdapter, Microsoft.VisualStudio.QualityTools.Tips.UnitTest.Adapter, Version=9.0.0.0, Culture=neutral, PublicKeyToken=b03f5f7f11d50a3a" className="MedscreenlibTest.MedscreenTest, MedscreenlibTest" name="CapitaliseTest" />
    </UnitTest>
  </TestDefinitions>
  <TestLists>
    <TestList name="Results Not in a List" id="8c84fa94-04c1-424b-9868-57a2d4851a1d" />
    <TestList name="All Loaded Results" id="19431567-8539-422a-85d7-44ee4e166bda" />
  </TestLists>
  <TestEntries>
    <TestEntry testId="d93ab626-49b6-c8e5-29bd-09f8a2c9ab8c" executionId="8dc8f875-4b3c-44a6-9c5a-13fbc5c22bd8" testListId="8c84fa94-04c1-424b-9868-57a2d4851a1d" />
  </TestEntries>
  <Results>
    <UnitTestResult executionId="8dc8f875-4b3c-44a6-9c5a-13fbc5c22bd8" testId="d93ab626-49b6-c8e5-29bd-09f8a2c9ab8c" testName="CapitaliseTest" computerName="DEVELOPERSTS" duration="00:00:08.4063038" startTime="2014-07-07T17:07:03.8451601+01:00" endTime="2014-07-07T17:07:12.2514639+01:00" testType="13cdc9d9-ddb5-4fa4-a97d-d965ccfc6d4b" outcome="Aborted" testListId="8c84fa94-04c1-424b-9868-57a2d4851a1d">
    </UnitTestResult>
  </Results>
</TestRun>